Copyright 1986-2016 Xilinx, Inc. All Rights Reserved.
------------------------------------------------------------------------------------------------------------------------------------------------
| Tool Version : Vivado v.2016.4 (lin64) Build 1733598 Wed Dec 14 22:35:42 MST 2016
| Date         : Fri Jul  7 16:45:50 2017
| Host         : zxdpc running 64-bit CentOS Linux release 7.3.1611 (Core)
| Command      : report_drc -file top5x2_7to1_ddr_tx_drc_routed.rpt -pb top5x2_7to1_ddr_tx_drc_routed.pb -rpx top5x2_7to1_ddr_tx_drc_routed.rpx
| Design       : top5x2_7to1_ddr_tx
| Device       : xc7a100tfgg676-2
| Speed File   : -2
| Design State : Routed
------------------------------------------------------------------------------------------------------------------------------------------------

Report DRC

Table of Contents
-----------------
1. REPORT SUMMARY
2. REPORT DETAILS

1. REPORT SUMMARY
-----------------
            Netlist: netlist
          Floorplan: design_1
      Design limits: <entire design considered>
           Ruledeck: default
             Max violations: <unlimited>
             Violations found: 0
+------+----------+-------------+------------+
| Rule | Severity | Description | Violations |
+------+----------+-------------+------------+
+------+----------+-------------+------------+

2. REPORT DETAILS
-----------------

